/*
 * Version script of libMrm: the symbols it exports.  Everything else is
 * local to the library.  See doc/abi-policy.md before changing it:
 * never remove or move a symbol, add new ones in a new version node.
 */

MRM_2.5 {
  global:

    /* The public API, declared in the installed headers. */
    MrmCloseHierarchy;
    MrmFetchBitmapLiteral;
    MrmFetchColorLiteral;
    MrmFetchIconLiteral;
    MrmFetchInterfaceModule;
    MrmFetchLiteral;
    MrmFetchSetValues;
    MrmFetchWidget;
    MrmFetchWidgetOverride;
    MrmInitialize;
    MrmOpenHierarchy;
    MrmOpenHierarchyFromBuffer;
    MrmOpenHierarchyFromBufferWithSize;
    MrmOpenHierarchyPerDisplay;
    MrmRegisterClass;
    MrmRegisterClassWithCleanup;
    MrmRegisterNames;
    MrmRegisterNamesInHierarchy;
    _MrmMsg_0000;
    _MrmMsg_0001;
    _MrmMsg_0002;
    _MrmMsg_0003;
    _MrmMsg_0004;
    _MrmMsg_0005;
    _MrmMsg_0006;
    _MrmMsg_0007;
    _MrmMsg_0008;
    _MrmMsg_0009;
    _MrmMsg_0010;
    _MrmMsg_0011;
    _MrmMsg_0012;
    _MrmMsg_0013;
    _MrmMsg_0014;
    _MrmMsg_0015;
    _MrmMsg_0016;
    _MrmMsg_0017;
    _MrmMsg_0018;
    _MrmMsg_0019;
    _MrmMsg_0020;
    _MrmMsg_0021;
    _MrmMsg_0022;
    _MrmMsg_0023;
    _MrmMsg_0024;
    _MrmMsg_0025;
    _MrmMsg_0026;
    _MrmMsg_0027;
    _MrmMsg_0028;
    _MrmMsg_0029;
    _MrmMsg_0030;
    _MrmMsg_0031;
    _MrmMsg_0032;
    _MrmMsg_0033;
    _MrmMsg_0034;
    _MrmMsg_0035;
    _MrmMsg_0036;
    _MrmMsg_0037;
    _MrmMsg_0038;
    _MrmMsg_0039;
    _MrmMsg_0040;
    _MrmMsg_0041;
    _MrmMsg_0042;
    _MrmMsg_0043;
    _MrmMsg_0044;
    _MrmMsg_0045;
    _MrmMsg_0046;
    _MrmMsg_0047;
    _MrmMsg_0048;
    _MrmMsg_0049;
    _MrmMsg_0050;
    _MrmMsg_0051;
    _MrmMsg_0052;
    _MrmMsg_0053;
    _MrmMsg_0054;
    _MrmMsg_0055;
    _MrmMsg_0056;
    _MrmMsg_0057;
    _MrmMsg_0058;
    _MrmMsg_0059;
    _MrmMsg_0060;
    _MrmMsg_0061;
    _MrmMsg_0062;
    _MrmMsg_0063;
    _MrmMsg_0064;
    _MrmMsg_0065;
    _MrmMsg_0066;
    _MrmMsg_0067;
    _MrmMsg_0068;
    _MrmMsg_0069;
    _MrmMsg_0070;
    _MrmMsg_0071;
    _MrmMsg_0072;
    _MrmMsg_0073;
    _MrmMsg_0074;
    _MrmMsg_0075;
    _MrmMsg_0076;
    _MrmMsg_0077;
    _MrmMsg_0078;
    _MrmMsg_0079;
    _MrmMsg_0080;
    _MrmMsg_0081;
    _MrmMsg_0082;
    _MrmMsg_0083;
    _MrmMsg_0084;
    _MrmMsg_0085;
    _MrmMsg_0086;
    _MrmMsg_0087;
    _MrmMsg_0088;
    _MrmMsg_0089;
    _MrmMsg_0090;
    _MrmMsg_0091;
    _MrmMsg_0092;
    _MrmMsg_0093;
    _MrmMsg_0094;
    _MrmMsg_0095;
    _MrmMsg_0096;
    _MrmMsg_0097;
    _MrmMsg_0098;
    _MrmMsg_0099;
    _MrmMsg_0100;
    _MrmMsg_0101;
    _MrmMsg_0102;
    _MrmMsg_0103;
    _MrmMsg_0104;
    _MrmMsg_0105;
    _MrmMsg_0106;
    _MrmMsg_0107;
    _MrmMsg_0108;
    _MrmMsg_0109;
    _MrmMsg_0110;
    _MrmMsg_0111;
    _MrmMsg_0112;
    _MrmMsg_0113;
    _MrmMsg_0114;
    _MrmMsg_0115;
    _MrmMsg_0116;
    _MrmMsg_0117;
    _MrmMsg_0118;
    _MrmMsg_0119;

    /* Undocumented: the Urm and _MrmOS functions that libUil and the uil
     * compiler use, the former "private" symbols of libMrm.elist. */
    UrmCWRInit;
    UrmCWRInitArglist;
    UrmCWRInitChildren;
    UrmCWRSetArgCStringVec;
    UrmCWRSetArgCallback;
    UrmCWRSetArgChar8Vec;
    UrmCWRSetArgResourceRef;
    UrmCWRSetArgValue;
    UrmCWRSetCallbackItem;
    UrmCWRSetCallbackItemRes;
    UrmCWRSetChild;
    UrmCWRSetClass;
    UrmCWRSetComment;
    UrmCWRSetCompressedArgTag;
    UrmCWRSetCreationCallback;
    UrmCWRSetExtraArgs;
    UrmCWRSetUncompressedArgTag;
    UrmCWR__AppendCString;
    UrmCWR__AppendResource;
    UrmCWR__AppendString;
    UrmCWR__AppendWcharString;
    UrmCWR__BindArgPtrs;
    UrmCWR__BindCallbackPtrs;
    UrmCWR__GuaranteeSpace;
    UrmCWR__ValidateContext;
    UrmColorTableSize;
    UrmCopyAllocatedIconImage;
    UrmCreateBitmap;
    UrmCreateOrSetWidgetInstance;
    UrmCreatePixmap;
    UrmCreateWidgetInstance;
    UrmCreateWidgetInstanceCleanup;
    UrmCreateWidgetTree;
    UrmDestroyCallback;
    UrmFetchSetValues;
    UrmFreeResourceContext;
    UrmGetIndexedLiteral;
    UrmGetIndexedWidget;
    UrmGetRIDLiteral;
    UrmGetRIDWidget;
    UrmGetResourceContext;
    UrmHGetIndexedLiteral;
    UrmHGetIndexedResource;
    UrmHGetWidget;
    UrmIFMGetModule;
    UrmIFMHGetModule;
    UrmIFMInitModule;
    UrmIFMPutModule;
    UrmIFMSetTopmost;
    UrmIconImageSize;
    UrmIdbCloseFile;
    UrmIdbFindIndexedResource;
    UrmIdbGetIndexedResource;
    UrmIdbGetRIDResource;
    UrmIdbGetResourceId;
    UrmIdbOpenBuffer;
    UrmIdbOpenFileRead;
    UrmIdbOpenFileWrite;
    UrmIdbPutIndexedResource;
    UrmIdbPutRIDResource;
    UrmPlistAppendPointer;
    UrmPlistAppendString;
    UrmPlistFindString;
    UrmPlistFree;
    UrmPlistFreeContents;
    UrmPlistInit;
    UrmPlistResize;
    UrmPutIndexedLiteral;
    UrmPutIndexedWidget;
    UrmPutRIDLiteral;
    UrmPutRIDWidget;
    UrmResizeResourceContext;
    UrmSetWidgetInstance;
    Urm__UT_LatestErrorMessage;
    Urm__UT_SetErrorReport;
    _MrmOSHostDoubleToIEEE;
    _MrmOSHostFloatToIEEE;
    _MrmOSIEEEDoubleToHost;
    _MrmOSIEEEFloatToHost;
    _MrmOSSetLocale;

  local:
    *;
};
